// Jest Snapshot v1, https://goo.gl/fbAQLP

exports[`Pruebas para <GifItem/> Evaluar un snapshot 1`] = `
<div>
  <div
    class="card"
  >
    <img
      alt="Luffy"
      src="http://luffy.com/onepiece.jpg"
    />
    <p>
      Luffy
    </p>
  </div>
</div>
`;
